// Jest Snapshot v1, https://goo.gl/fbAQLP

exports[`getNamesFromPage function when passed an html page, will extract all players from it 1`] = `
[
  {
    "hrID": "aaltoan01",
    "name": "Antti Aalto",
  },
  {
    "hrID": "aaltoju01",
    "name": "Juhamatti Aaltonen",
  },
  {
    "hrID": "aaltole01",
    "name": "Leevi Aaltonen",
  },
  {
    "hrID": "aaltomi01",
    "name": "Miro Aaltonen",
  },
  {
    "hrID": "aamodwy01",
    "name": "Wyatt Aamodt",
  },
  {
    "hrID": "abbeybr01",
    "name": "Bruce Abbey",
  },
  {
    "hrID": "abbotge01",
    "name": "George Abbott",
  },
  {
    "hrID": "abbotre01",
    "name": "Reg Abbott",
  },
  {
    "hrID": "abbotsp01",
    "name": "Spencer Abbott",
  },
  {
    "hrID": "abdelju01",
    "name": "Justin Abdelkader",
  },
  {
    "hrID": "abelcl01",
    "name": "Clarence Abel",
  },
  {
    "hrID": "abelge01",
    "name": "Gerry Abel",
  },
  {
    "hrID": "abelsi01",
    "name": "Sid Abel",
  },
  {
    "hrID": "abeltko01",
    "name": "Konrad Abeltshauser",
  },
  {
    "hrID": "abergpo01",
    "name": "Pontus Åberg",
  },
  {
    "hrID": "abgrade01",
    "name": "Dennis Abgrall",
  },
  {
    "hrID": "abidra01",
    "name": "Ramzi Abid",
  },
  {
    "hrID": "abneyca01",
    "name": "Cameron Abney",
  },
  {
    "hrID": "abolsro01",
    "name": "Rodrigo Abols",
  },
  {
    "hrID": "abrahch01",
    "name": "Christer Abrahamsson",
  },
  {
    "hrID": "abrahth01",
    "name": "Thommy Abrahamsson",
  },
  {
    "hrID": "abrammi01",
    "name": "Mikhail Abramov",
  },
  {
    "hrID": "abramvi01",
    "name": "Vitaly Abramov",
  },
  {
    "hrID": "abruzni01",
    "name": "Nicholas Abruzzese",
  },
  {
    "hrID": "acciano01",
    "name": "Noel Acciari",
  },
  {
    "hrID": "achtyge01",
    "name": "Gene Achtymichuk",
  },
  {
    "hrID": "acombdo01",
    "name": "Doug Acomb",
  },
  {
    "hrID": "actonke01",
    "name": "Keith Acton",
  },
  {
    "hrID": "actonwi01",
    "name": "Will Acton",
  },
  {
    "hrID": "adairji01",
    "name": "Jim Adair",
  },
  {
    "hrID": "adamdo01",
    "name": "Douglas Adam",
  },
  {
    "hrID": "adamlu01",
    "name": "Luke Adam",
  },
  {
    "hrID": "adamru01",
    "name": "Russ Adam",
  },
  {
    "hrID": "adamipe01",
    "name": "Petr Adamik",
  },
  {
    "hrID": "adamsbr01",
    "name": "Bryan Adams",
  },
  {
    "hrID": "adamsco01",
    "name": "Collin Adams",
  },
  {
    "hrID": "adamscr01",
    "name": "Craig Adams",
  },
  {
    "hrID": "adamsgr01",
    "name": "Greg Adams",
  },
  {
    "hrID": "adamsgr02",
    "name": "Greg Adams",
  },
  {
    "hrID": "adamsja01",
    "name": "Jack Adams",
  },
  {
    "hrID": "adamsjo04",
    "name": "Johan Adams",
  },
  {
    "hrID": "adamsjo03",
    "name": "John Adams",
  },
  {
    "hrID": "adamsjo01",
    "name": "John Adams",
  },
  {
    "hrID": "adamsjo02",
    "name": "John Adams",
  },
  {
    "hrID": "adamske01",
    "name": "Kevyn Adams",
  },
  {
    "hrID": "adamsma01",
    "name": "Mark Adams",
  },
  {
    "hrID": "adamsst01",
    "name": "Stew Adams",
  },
  {
    "hrID": "addisca01",
    "name": "Calen Addison",
  },
  {
    "hrID": "addisje01",
    "name": "Jeremiah Addison",
  },
  {
    "hrID": "adduora01",
    "name": "Ray Adduono",
  },
  {
    "hrID": "adduori01",
    "name": "Rick Adduono",
  },
  {
    "hrID": "aebisda01",
    "name": "David Aebischer",
  },
  {
    "hrID": "afanadm01",
    "name": "Dmitry Afanasenkov",
  },
  {
    "hrID": "afanaeg01",
    "name": "Egor  Afanasyev",
  },
  {
    "hrID": "afflebr01",
    "name": "Bruce Affleck",
  },
  {
    "hrID": "afinoma01",
    "name": "Maxim Afinogenov",
  },
  {
    "hrID": "agnewji01",
    "name": "Jim Agnew",
  },
  {
    "hrID": "agostke01",
    "name": "Kenny Agostino",
  },
  {
    "hrID": "agozzan01",
    "name": "Andrew Agozzino",
  },
  {
    "hrID": "ahacla01",
    "name": "Layton Ahac",
  },
  {
    "hrID": "ahcanja01",
    "name": "Jack Ahcan",
  },
  {
    "hrID": "ahearke01",
    "name": "Kevin Ahearn",
  },
  {
    "hrID": "ahernfr01",
    "name": "Fred Ahern",
  },
  {
    "hrID": "ahlfi01",
    "name": "Filip Ahl",
  },
  {
    "hrID": "ahlinru01",
    "name": "Rudy Ahlin",
  },
  {
    "hrID": "ahneljo01",
    "name": "Jonas Ahnelov",
  },
  {
    "hrID": "ahose01",
    "name": "Sebastian Aho",
  },
  {
    "hrID": "ahose02",
    "name": "Sebastian Aho",
  },
  {
    "hrID": "ahokase01",
    "name": "Seppo Ahokainen",
  },
  {
    "hrID": "aholape01",
    "name": "Peter Ahola",
  },
  {
    "hrID": "ahrench01",
    "name": "Chris Ahrens",
  },
  {
    "hrID": "aiellan01",
    "name": "Anthony Aiello",
  },
  {
    "hrID": "aikendo01",
    "name": "John Aiken",
  },
  {
    "hrID": "aikinju01",
    "name": "Justin Aikins",
  },
  {
    "hrID": "ailsbll01",
    "name": "Lloyd Ailsby",
  },
  {
    "hrID": "airolsa01",
    "name": "Santeri Airola",
  },
  {
    "hrID": "aitkebr01",
    "name": "Brad Aitken",
  },
  {
    "hrID": "aitkejo01",
    "name": "Johnathan Aitken",
  },
  {
    "hrID": "aitkean01",
    "name": "Andy Aitkenhead",
  },
  {
    "hrID": "aittosa01",
    "name": "Sami Aittokallio",
  },
  {
    "hrID": "aivazmi01",
    "name": "Micah Aivazoff",
  },
  {
    "hrID": "akerlma01",
    "name": "Magnus Akerlund",
  },
  {
    "hrID": "akesoja01",
    "name": "Jason Akeson",
  },
  {
    "hrID": "akeybe01",
    "name": "Beau Akey",
  },
  {
    "hrID": "akhtyar01",
    "name": "Artur Akhtyamov",
  },
  {
    "hrID": "akkanka01",
    "name": "Karri Akkanen",
  },
  {
    "hrID": "alatami01",
    "name": "Mika Alatalo",
  },
  {
    "hrID": "albelto01",
    "name": "Tommy Albelin",
  },
  {
    "hrID": "alberjo01",
    "name": "John Albert",
  },
  {
    "hrID": "alberan01",
    "name": "Andrew Alberts",
  },
  {
    "hrID": "albricl01",
    "name": "Clint Albright",
  },
  {
    "hrID": "alcenjo01",
    "name": "Johan Alcen",
  },
  {
    "hrID": "aldcoga01",
    "name": "Gary Aldcorn",
  },
  {
    "hrID": "aldrike01",
    "name": "Keith Aldridge",
  },
  {
    "hrID": "alenju01",
    "name": "Juha Alen",
  },
  {
    "hrID": "alexacl01",
    "name": "Claire Alexander",
  },
  {
    "hrID": "alexaga01",
    "name": "Gage Alexander",
  },
  {
    "hrID": "alexaje01",
    "name": "Jett Alexander",
  },
  {
    "hrID": "alexaar01",
    "name": "Art Alexandre",
  },
  {
    "hrID": "alexani01",
    "name": "Nikita Alexandrov",
  },
  {
    "hrID": "alexavi01",
    "name": "Viktor Alexandrov",
  },
  {
    "hrID": "alexayu01",
    "name": "Yury Alexandrov",
  },
  {
    "hrID": "alexeni01",
    "name": "Nikita Alexeev",
  },
  {
    "hrID": "alexeal01",
    "name": "Alexander Alexeyev",
  },
  {
    "hrID": "alfreda01",
    "name": "Daniel Alfredsson",
  },
  {
    "hrID": "alibr01",
    "name": "Brennan Ali",
  },
  {
    "hrID": "aliuak01",
    "name": "Akim Aliu",
  },
  {
    "hrID": "allanje01",
    "name": "Jeff Allan",
  },
  {
    "hrID": "allanno01",
    "name": "Nolan Allan",
  },
  {
    "hrID": "allarfr01",
    "name": "Frédéric Allard",
  },
  {
    "hrID": "allarje01",
    "name": "Jean-Simon Allard",
  },
  {
    "hrID": "allenbo01",
    "name": "Bobby Allen",
  },
  {
    "hrID": "allenbr01",
    "name": "Bryan Allen",
  },
  {
    "hrID": "allenca01",
    "name": "Cameron Allen",
  },
  {
    "hrID": "allench01",
    "name": "Chris Allen",
  },
  {
    "hrID": "allenco01",
    "name": "Conor Allen",
  },
  {
    "hrID": "allenge01",
    "name": "George Allen",
  },
  {
    "hrID": "allenja01",
    "name": "Jake Allen",
  },
  {
    "hrID": "allenke01",
    "name": "Keith Allen",
  },
  {
    "hrID": "allenpe01",
    "name": "Peter Allen",
  },
  {
    "hrID": "allenvi01",
    "name": "Viv Allen",
  },
  {
    "hrID": "alleyst01",
    "name": "Steve Alley",
  },
  {
    "hrID": "allisda01",
    "name": "Dave Allison",
  },
  {
    "hrID": "allisja01",
    "name": "Jamie Allison",
  },
  {
    "hrID": "allisja02",
    "name": "Jason Allison",
  },
  {
    "hrID": "allismi01",
    "name": "Mike Allison",
  },
  {
    "hrID": "allisra01",
    "name": "Ray Allison",
  },
  {
    "hrID": "alliswa01",
    "name": "Wade Allison",
  },
  {
    "hrID": "allumbi01",
    "name": "Bill Allum",
  },
  {
    "hrID": "almjo01",
    "name": "Johan Alm",
  },
  {
    "hrID": "almarni01",
    "name": "Niclas Almari",
  },
  {
    "hrID": "almasre01",
    "name": "Red Almas",
  },
  {
    "hrID": "almeiju01",
    "name": "Justin Almeida",
  },
  {
    "hrID": "almonco01",
    "name": "Cody Almond",
  },
  {
    "hrID": "almqvad01",
    "name": "Adam Almqvist",
  },
  {
    "hrID": "almtojo01",
    "name": "Jonas Almtorp",
  },
  {
    "hrID": "alnefhu01",
    "name": "Hugo Alnefelt",
  },
  {
    "hrID": "alrikvi01",
    "name": "Vilmer Alriksson",
  },
  {
    "hrID": "alschma01",
    "name": "Marek Alscher",
  },
  {
    "hrID": "alsinol01",
    "name": "Olle Alsing",
  },
  {
    "hrID": "altma01",
    "name": "Mark Alt",
  },
  {
    "hrID": "altshda01",
    "name": "Daniel Altshuller",
  },
  {
    "hrID": "altyban01",
    "name": "Andrei Altybarmakyan",
  },
  {
    "hrID": "alvesjo01",
    "name": "Jorge Alves",
  },
  {
    "hrID": "alzneka01",
    "name": "Karl Alzner",
  },
  {
    "hrID": "amadida01",
    "name": "Dave Amadio",
  },
  {
    "hrID": "amadimi01",
    "name": "Michael Amadio",
  },
  {
    "hrID": "amanni01",
    "name": "Nils Åman",
  },
  {
    "hrID": "ambroco01",
    "name": "Colby Ambrosio",
  },
  {
    "hrID": "ambrose01",
    "name": "Seth Ambroz",
  },
  {
    "hrID": "ambrope01",
    "name": "Peter Ambroziak",
  },
  {
    "hrID": "amiroro01",
    "name": "Rodion Amirov",
  },
  {
    "hrID": "amodemi01",
    "name": "Mike Amodeo",
  },
  {
    "hrID": "amontto01",
    "name": "Tony Amonte",
  },
  {
    "hrID": "amorote01",
    "name": "Terrance Amorosa",
  },
  {
    "hrID": "anassa01",
    "name": "Sam Anas",
  },
  {
    "hrID": "anderfr01",
    "name": "Frederik Andersen",
  },
  {
    "hrID": "anderni02",
    "name": "Niclas Andersen",
  },
  {
    "hrID": "anderbi01",
    "name": "Bill Anderson",
  },
  {
    "hrID": "andercr01",
    "name": "Craig Anderson",
  },
  {
    "hrID": "anderda01",
    "name": "Dale Anderson",
  },
  {
    "hrID": "anderdo01",
    "name": "Doug Anderson",
  },
  {
    "hrID": "anderea01",
    "name": "Earl Anderson",
  },
  {
    "hrID": "andergl01",
    "name": "Glenn Anderson",
  },
  {
    "hrID": "anderji01",
    "name": "Jim Anderson",
  },
  {
    "hrID": "anderjo08",
    "name": "Joey Anderson",
  },
  {
    "hrID": "anderjo01",
    "name": "John Anderson",
  },
  {
    "hrID": "anderjo06",
    "name": "Josh Anderson",
  },
  {
    "hrID": "anderjo05",
    "name": "Josh Anderson",
  },
  {
    "hrID": "anderlo01",
    "name": "Lorne Anderson",
  },
  {
    "hrID": "anderma01",
    "name": "Matt Anderson",
  },
  {
    "hrID": "andermi02",
    "name": "Michael Anderson",
  },
  {
    "hrID": "andermu01",
    "name": "Murray Anderson",
  },
  {
    "hrID": "anderpe01",
    "name": "Perry Anderson",
  },
  {
    "hrID": "anderr.01",
    "name": "R.J. Anderson",
  },
  {
    "hrID": "anderro01",
    "name": "Ron Anderson",
  },
  {
    "hrID": "anderro02",
    "name": "Ron Anderson",
  },
  {
    "hrID": "anderro03",
    "name": "Ron F. Anderson",
  },
  {
    "hrID": "anderru01",
    "name": "Russ Anderson",
  },
  {
    "hrID": "andersh01",
    "name": "Shawn Anderson",
  },
  {
    "hrID": "anderto01",
    "name": "Tom Anderson",
  },
  {
    "hrID": "anderja01",
    "name": "Jaret Anderson-Dolan",
  },
  {
    "hrID": "anderan01",
    "name": "Anton Andersson",
  },
  {
    "hrID": "anderax01",
    "name": "Axel Andersson",
  },
  {
    "hrID": "anderca01",
    "name": "Calle Andersson",
  },
  {
    "hrID": "anderer01",
    "name": "Erik Andersson",
  },
  {
    "hrID": "anderjo03",
    "name": "Joakim Andersson",
  },
  {
    "hrID": "anderjo04",
    "name": "Johan Andersson",
  },
  {
    "hrID": "anderjo02",
    "name": "Jonas Andersson",
  },
  {
    "hrID": "anderke01",
    "name": "Kent-Erik Andersson",
  },
  {
    "hrID": "anderli01",
    "name": "Lias Andersson",
  },
  {
    "hrID": "andermi01",
    "name": "Mikael Andersson",
  },
  {
    "hrID": "anderni01",
    "name": "Niklas Andersson",
  },
  {
    "hrID": "anderpe04",
    "name": "Peter Andersson",
  },
  {
    "hrID": "anderpe02",
    "name": "Peter Andersson",
  },
  {
    "hrID": "anderpe03",
    "name": "Peter Andersson",
  },
  {
    "hrID": "anderra01",
    "name": "Rasmus Andersson",
  },
  {
    "hrID": "andonco01",
    "name": "Corey Andonovski",
  },
  {
    "hrID": "andonma01",
    "name": "Matthew Andonovski",
  },
  {
    "hrID": "andraem01",
    "name": "Emil Andrae",
  },
  {
    "hrID": "andrast01",
    "name": "Steve Andrascik",
  },
  {
    "hrID": "andrepa01",
    "name": "Paul Andrea",
  },
  {
    "hrID": "andrera01",
    "name": "Randy Andreachuk",
  },
  {
    "hrID": "andrepo01",
    "name": "Pontus Andreasson",
  },
  {
    "hrID": "andrema01",
    "name": "Max Andreev",
  },
  {
    "hrID": "andrean01",
    "name": "Andy Andreoff",
  },
  {
    "hrID": "andrejo01",
    "name": "Joel Andresen",
  },
  {
    "hrID": "andreal01",
    "name": "Alexander Andrevi",
  },
  {
    "hrID": "andrebr01",
    "name": "Brent Andrews",
  },
  {
    "hrID": "andrell01",
    "name": "Lloyd Andrews",
  },
  {
    "hrID": "andreza01",
    "name": "Zachery Andrews",
  },
  {
    "hrID": "andreda01",
    "name": "Dave Andreychuk",
  },
  {
    "hrID": "andrial01",
    "name": "Alexander Andrievski",
  },
  {
    "hrID": "andrisv01",
    "name": "Sven Andrighetto",
  },
  {
    "hrID": "androse01",
    "name": "Sergei Andronov",
  },
  {
    "hrID": "andruro01",
    "name": "Ron Andruff",
  },
  {
    "hrID": "andrugr01",
    "name": "Greg Andrusak",
  },
  {
    "hrID": "anelobr01",
    "name": "Bryce Aneloski",
  },
  {
    "hrID": "angjo01",
    "name": "Jonathan Ang",
  },
  {
    "hrID": "angelmi01",
    "name": "Mike Angelidis",
  },
  {
    "hrID": "angelan01",
    "name": "Anthony Angello",
  },
  {
    "hrID": "angelme01",
    "name": "Mel Angelstad",
  },
  {
    "hrID": "anglety01",
    "name": "Tyler Angle",
  },
  {
    "hrID": "angotlo01",
    "name": "Lou Angotti",
  },
  {
    "hrID": "anholda01",
    "name": "Darrel Anholt",
  },
  {
    "hrID": "anikevi01",
    "name": "Vitali Anikeyenko",
  },
  {
    "hrID": "anisiar01",
    "name": "Artem Anisimov",
  },
  {
    "hrID": "annunju01",
    "name": "Justus Annunen",
  },
  {
    "hrID": "anshase01",
    "name": "Sergei Anshakov",
  },
  {
    "hrID": "anslohu01",
    "name": "Hub Anslow",
  },
  {
    "hrID": "ansonra01",
    "name": "Raivis Ansons",
  },
  {
    "hrID": "anthost01",
    "name": "Steven Anthony",
  },
  {
    "hrID": "antipvi01",
    "name": "Victor Antipin",
  },
  {
    "hrID": "antonmi01",
    "name": "Mike Antonovich",
  },
  {
    "hrID": "antossh01",
    "name": "Shawn Antoski",
  },
  {
    "hrID": "antroni01",
    "name": "Nik Antropov",
  },
  {
    "hrID": "anttima01",
    "name": "Marko Anttila",
  },
  {
    "hrID": "appleke01",
    "name": "Kenneth Appleby",
  },
  {
    "hrID": "applema01",
    "name": "Mason Appleton",
  },
  {
    "hrID": "appssy01",
    "name": "Syl Apps",
  },
  {
    "hrID": "appssy02",
    "name": "Syl Apps",
  },
  {
    "hrID": "aquinan01",
    "name": "Anthony Aquino",
  },
  {
    "hrID": "aquinlu01",
    "name": "Luciano Aquino",
  },
  {
    "hrID": "arboual01",
    "name": "Al Arbour",
  },
  {
    "hrID": "arbouam01",
    "name": "Amos Arbour",
  },
  {
    "hrID": "arbouja01",
    "name": "Jack Arbour",
  },
  {
    "hrID": "arboujo01",
    "name": "John Arbour",
  },
  {
    "hrID": "arbouty01",
    "name": "Ty Arbour",
  },
  {
    "hrID": "archami01",
    "name": "Michel Archambault",
  },
  {
    "hrID": "archaol01",
    "name": "Olivier Archambault",
  },
  {
    "hrID": "archayv01",
    "name": "Yves Archambault",
  },
  {
    "hrID": "archean01",
    "name": "Andrew Archer",
  },
  {
    "hrID": "archibr01",
    "name": "Brandon Archibald",
  },
  {
    "hrID": "archida02",
    "name": "Darren Archibald",
  },
  {
    "hrID": "archida01",
    "name": "Dave Archibald",
  },
  {
    "hrID": "archiji01",
    "name": "Jim Archibald",
  },
  {
    "hrID": "archijo01",
    "name": "Josh Archibald",
  },
  {
    "hrID": "arcobma01",
    "name": "Mark Arcobello",
  },
  {
    "hrID": "arcurfr01",
    "name": "Francesco Arcuri",
  },
  {
    "hrID": "areshro01",
    "name": "Ron Areshenkoff",
  },
  {
    "hrID": "arkhide01",
    "name": "Denis Arkhipov",
  },
  {
    "hrID": "armiajo01",
    "name": "Joel Armia",
  },
  {
    "hrID": "armstbi01",
    "name": "Bill Armstrong",
  },
  {
    "hrID": "armstbo01",
    "name": "Bob Armstrong",
  },
  {
    "hrID": "armstch01",
    "name": "Chris Armstrong",
  },
  {
    "hrID": "armstco01",
    "name": "Colby Armstrong",
  },
  {
    "hrID": "armstde01",
    "name": "Derek Armstrong",
  },
  {
    "hrID": "armstge01",
    "name": "George Armstrong",
  },
  {
    "hrID": "armstjo01",
    "name": "John Armstrong",
  },
  {
    "hrID": "armstmu01",
    "name": "Murray Armstrong",
  },
  {
    "hrID": "armstno01",
    "name": "Norm Armstrong",
  },
  {
    "hrID": "armstri01",
    "name": "Riley Armstrong",
  },
  {
    "hrID": "armstti01",
    "name": "Tim Armstrong",
  },
  {
    "hrID": "arnasch01",
    "name": "Chuck Arnason",
  },
  {
    "hrID": "arnasty01",
    "name": "Tyler Arnason",
  },
  {
    "hrID": "arndtda01",
    "name": "Danny Arndt",
  },
  {
    "hrID": "arnesli01",
    "name": "Linus Arnesson",
  },
  {
    "hrID": "arnieja01",
    "name": "Jamie Arniel",
  },
  {
    "hrID": "arniesc01",
    "name": "Scott Arniel",
  },
  {
    "hrID": "arnolbi01",
    "name": "Bill Arnold",
  },
  {
    "hrID": "arnotja01",
    "name": "Jason Arnott",
  },
  {
    "hrID": "arnsbli01",
    "name": "Liam Arnsby",
  },
  {
    "hrID": "aronsta01",
    "name": "Taylor Aronson",
  },
  {
    "hrID": "arsende01",
    "name": "Dean Arsene",
  },
  {
    "hrID": "artemyu01",
    "name": "Yuri Artemenkov",
  },
  {
    "hrID": "arthufr01",
    "name": "Fred Arthur",
  },
  {
    "hrID": "artyuev01",
    "name": "Evgeny Artyukhin",
  },
  {
    "hrID": "arundjo01",
    "name": "John Arundel",
  },
  {
    "hrID": "arvedma01",
    "name": "Magnus Arvedson",
  },
  {
    "hrID": "arvidvi01",
    "name": "Viktor Arvidsson",
  },
  {
    "hrID": "ashbo01",
    "name": "Bob Ash",
  },
  {
    "hrID": "ashamar01",
    "name": "Arron Asham",
  },
  {
    "hrID": "ashbeba01",
    "name": "Barry Ashbee",
  },
  {
    "hrID": "ashbydo01",
    "name": "Don Ashby",
  },
  {
    "hrID": "ashtobr01",
    "name": "Brent Ashton",
  },
  {
    "hrID": "ashtoca01",
    "name": "Carter Ashton",
  },
  {
    "hrID": "ashtoro01",
    "name": "Ron Ashton",
  },
  {
    "hrID": "ashwofr01",
    "name": "Frank Ashworth",
  },
  {
    "hrID": "askarya01",
    "name": "Yaroslav Askarov",
  },
  {
    "hrID": "askeyto01",
    "name": "Tom Askey",
  },
  {
    "hrID": "aslunca01",
    "name": "Calle Aslund",
  },
  {
    "hrID": "asmunfr01",
    "name": "Freeman Asmundson",
  },
  {
    "hrID": "asmunos01",
    "name": "Oscar Asmundson",
  },
  {
    "hrID": "aspirjo01",
    "name": "Jonathan Aspirot",
  },
  {
    "hrID": "asplura01",
    "name": "Rasmus Asplund",
  },
  {
    "hrID": "asselsa01",
    "name": "Samuel Asselin",
  },
  {
    "hrID": "astaska01",
    "name": "Kaspars Astašenko",
  },
  {
    "hrID": "astlema01",
    "name": "Mark Astley",
  },
  {
    "hrID": "astonpe01",
    "name": "Peter Aston",
  },
  {
    "hrID": "astonza01",
    "name": "Zach Aston-Reese",
  },
  {
    "hrID": "astroha01",
    "name": "Hardy Åström",
  },
  {
    "hrID": "atanawa01",
    "name": "Walt Atanas",
  },
  {
    "hrID": "atchebl01",
    "name": "Blair Atcheynum",
  },
  {
    "hrID": "athanan01",
    "name": "Andreas Athanasiou",
  },
  {
    "hrID": "atherp.01",
    "name": "P.J. Atherton",
  },
  {
    "hrID": "atkinca01",
    "name": "Cam Atkinson",
  },
  {
    "hrID": "atkinst01",
    "name": "Steve Atkinson",
  },
  {
    "hrID": "attarro01",
    "name": "Ronald Attard",
  },
  {
    "hrID": "attwebo01",
    "name": "Bob Attwell",
  },
  {
    "hrID": "attwero01",
    "name": "Ron Attwell",
  },
  {
    "hrID": "atyusvi01",
    "name": "Vitali Atyushov",
  },
  {
    "hrID": "aubekni01",
    "name": "Nicolas Aubé-Kubel",
  },
  {
    "hrID": "aubinje01",
    "name": "Jean-Sébastien Aubin",
  },
  {
    "hrID": "aubinma01",
    "name": "Mathieu Aubin",
  },
  {
    "hrID": "aubinno01",
    "name": "Norm Aubin",
  },
  {
    "hrID": "aubinse01",
    "name": "Serge Aubin",
  },
  {
    "hrID": "aubrylo01",
    "name": "Louis-Marc Aubry",
  },
  {
    "hrID": "aubrypi01",
    "name": "Pierre Aubry",
  },
  {
    "hrID": "aubryse01",
    "name": "Serge Aubry",
  },
  {
    "hrID": "aubucos01",
    "name": "Ossie Aubuchon",
  },
  {
    "hrID": "aucoiad01",
    "name": "Adrian Aucoin",
  },
  {
    "hrID": "aucoike01",
    "name": "Keith Aucoin",
  },
  {
    "hrID": "aucoiky01",
    "name": "Kyle Aucoin",
  },
  {
    "hrID": "audetph01",
    "name": "Philippe Audet",
  },
  {
    "hrID": "audetda01",
    "name": "Daniel Audette",
  },
  {
    "hrID": "audetdo01",
    "name": "Donald Audette",
  },
  {
    "hrID": "auffrma01",
    "name": "Matt Auffrey",
  },
  {
    "hrID": "augele01",
    "name": "Les Auge",
  },
  {
    "hrID": "augerch01",
    "name": "Chris Auger",
  },
  {
    "hrID": "augerju01",
    "name": "Justin Auger",
  },
  {
    "hrID": "auguspa01",
    "name": "Patrik Augusta",
  },
  {
    "hrID": "augustr01",
    "name": "Trey Augustine",
  },
  {
    "hrID": "auldal01",
    "name": "Alex Auld",
  },
  {
    "hrID": "aulieke01",
    "name": "Keith Aulie",
  },
  {
    "hrID": "aulinja01",
    "name": "Jared Aulin",
  },
  {
    "hrID": "auriela01",
    "name": "Larry Aurie",
  },
  {
    "hrID": "ausmuga01",
    "name": "Gage Ausmus",
  },
  {
    "hrID": "austibr01",
    "name": "Brady Austin",
  },
  {
    "hrID": "auvityo01",
    "name": "Yohann Auvitu",
  },
  {
    "hrID": "averyse01",
    "name": "Sean Avery",
  },
  {
    "hrID": "avtsial01",
    "name": "Alexander Avtsin",
  },
  {
    "hrID": "awreydo01",
    "name": "Don Awrey",
  },
  {
    "hrID": "axelsan01",
    "name": "Anton Axelsson",
  },
  {
    "hrID": "axelsdi01",
    "name": "Dick Axelsson",
  },
  {
    "hrID": "axelsem01",
    "name": "Emil Axelsson",
  },
  {
    "hrID": "axelspj01",
    "name": "P.J. Axelsson",
  },
  {
    "hrID": "ayresda01",
    "name": "David Ayres",
  },
  {
    "hrID": "ayresve01",
    "name": "Vern Ayres",
  },
  {
    "hrID": "azeveju01",
    "name": "Justin Azevedo",
  },
]
`;
